

aaaaa

bbbbb
